../Core/Src/main.c:91:5:main	272	static
../Core/Src/main.c:207:6:SystemClock_Config	88	static
../Core/Src/main.c:249:13:MX_ADC1_Init	24	static
../Core/Src/main.c:301:13:MX_TIM10_Init	8	static
../Core/Src/main.c:332:13:MX_GPIO_Init	40	static
../Core/Src/main.c:388:6:StartDefaultTask	16	static
../Core/Src/main.c:406:6:LCD	128	static
../Core/Src/main.c:442:6:MQ	16	static
../Core/Src/main.c:461:6:DHT	16	static
../Core/Src/main.c:491:6:Buzzer	32	static
../Core/Src/main.c:518:6:HAL_TIM_PeriodElapsedCallback	16	static
../Core/Src/main.c:535:6:Error_Handler	4	static,ignoring_inline_asm
